------------------------------------------------------------
Timing Analyzer Summary
------------------------------------------------------------

Type  : Slow 1100mV 85C Model Setup 'shift_reset'
Slack : -3.928
TNS   : -11.006

Type  : Slow 1100mV 85C Model Setup 'clk'
Slack : -3.007
TNS   : -293.228

Type  : Slow 1100mV 85C Model Hold 'clk'
Slack : 0.426
TNS   : 0.000

Type  : Slow 1100mV 85C Model Hold 'shift_reset'
Slack : 2.617
TNS   : 0.000

Type  : Slow 1100mV 85C Model Recovery 'clk'
Slack : -2.048
TNS   : -49.219

Type  : Slow 1100mV 85C Model Removal 'clk'
Slack : 0.683
TNS   : 0.000

Type  : Slow 1100mV 85C Model Minimum Pulse Width 'clk'
Slack : -0.538
TNS   : -92.016

Type  : Slow 1100mV 85C Model Minimum Pulse Width 'shift_reset'
Slack : 0.419
TNS   : 0.000

Type  : Slow 1100mV 0C Model Setup 'shift_reset'
Slack : -3.981
TNS   : -11.249

Type  : Slow 1100mV 0C Model Setup 'clk'
Slack : -2.977
TNS   : -293.058

Type  : Slow 1100mV 0C Model Hold 'clk'
Slack : 0.386
TNS   : 0.000

Type  : Slow 1100mV 0C Model Hold 'shift_reset'
Slack : 2.675
TNS   : 0.000

Type  : Slow 1100mV 0C Model Recovery 'clk'
Slack : -1.730
TNS   : -43.242

Type  : Slow 1100mV 0C Model Removal 'clk'
Slack : 0.448
TNS   : 0.000

Type  : Slow 1100mV 0C Model Minimum Pulse Width 'clk'
Slack : -0.538
TNS   : -93.131

Type  : Slow 1100mV 0C Model Minimum Pulse Width 'shift_reset'
Slack : 0.377
TNS   : 0.000

Type  : Fast 1100mV 85C Model Setup 'shift_reset'
Slack : -1.506
TNS   : -4.069

Type  : Fast 1100mV 85C Model Setup 'clk'
Slack : -1.495
TNS   : -87.466

Type  : Fast 1100mV 85C Model Hold 'clk'
Slack : 0.183
TNS   : 0.000

Type  : Fast 1100mV 85C Model Hold 'shift_reset'
Slack : 1.459
TNS   : 0.000

Type  : Fast 1100mV 85C Model Recovery 'clk'
Slack : -1.232
TNS   : -4.926

Type  : Fast 1100mV 85C Model Removal 'clk'
Slack : 0.297
TNS   : 0.000

Type  : Fast 1100mV 85C Model Minimum Pulse Width 'clk'
Slack : -0.099
TNS   : -11.245

Type  : Fast 1100mV 85C Model Minimum Pulse Width 'shift_reset'
Slack : 0.469
TNS   : 0.000

Type  : Fast 1100mV 0C Model Setup 'shift_reset'
Slack : -1.420
TNS   : -3.874

Type  : Fast 1100mV 0C Model Setup 'clk'
Slack : -1.107
TNS   : -70.793

Type  : Fast 1100mV 0C Model Hold 'clk'
Slack : 0.137
TNS   : 0.000

Type  : Fast 1100mV 0C Model Hold 'shift_reset'
Slack : 1.431
TNS   : 0.000

Type  : Fast 1100mV 0C Model Recovery 'clk'
Slack : -0.858
TNS   : -3.430

Type  : Fast 1100mV 0C Model Removal 'clk'
Slack : 0.187
TNS   : 0.000

Type  : Fast 1100mV 0C Model Minimum Pulse Width 'clk'
Slack : -0.099
TNS   : -11.360

Type  : Fast 1100mV 0C Model Minimum Pulse Width 'shift_reset'
Slack : 0.477
TNS   : 0.000

------------------------------------------------------------
