------------------------------------------------------------
Timing Analyzer Summary
------------------------------------------------------------

Type  : Slow 1100mV 85C Model Setup 'clk'
Slack : -0.391
TNS   : -3.766

Type  : Slow 1100mV 85C Model Hold 'clk'
Slack : 0.247
TNS   : 0.000

Type  : Slow 1100mV 85C Model Minimum Pulse Width 'clk'
Slack : -0.538
TNS   : -25.394

Type  : Slow 1100mV 0C Model Setup 'clk'
Slack : -0.398
TNS   : -3.818

Type  : Slow 1100mV 0C Model Hold 'clk'
Slack : 0.227
TNS   : 0.000

Type  : Slow 1100mV 0C Model Minimum Pulse Width 'clk'
Slack : -0.538
TNS   : -23.438

Type  : Fast 1100mV 85C Model Setup 'clk'
Slack : 0.273
TNS   : 0.000

Type  : Fast 1100mV 85C Model Hold 'clk'
Slack : 0.127
TNS   : 0.000

Type  : Fast 1100mV 85C Model Minimum Pulse Width 'clk'
Slack : -0.315
TNS   : -9.247

Type  : Fast 1100mV 0C Model Setup 'clk'
Slack : 0.322
TNS   : 0.000

Type  : Fast 1100mV 0C Model Hold 'clk'
Slack : 0.115
TNS   : 0.000

Type  : Fast 1100mV 0C Model Minimum Pulse Width 'clk'
Slack : -0.289
TNS   : -8.432

------------------------------------------------------------
