------------------------------------------------------------
Timing Analyzer Summary
------------------------------------------------------------

Type  : Slow 1100mV 85C Model Setup 'clk'
Slack : -0.315
TNS   : -2.485

Type  : Slow 1100mV 85C Model Hold 'clk'
Slack : 0.251
TNS   : 0.000

Type  : Slow 1100mV 85C Model Minimum Pulse Width 'clk'
Slack : -0.538
TNS   : -23.099

Type  : Slow 1100mV 0C Model Setup 'clk'
Slack : -0.375
TNS   : -2.537

Type  : Slow 1100mV 0C Model Hold 'clk'
Slack : 0.231
TNS   : 0.000

Type  : Slow 1100mV 0C Model Minimum Pulse Width 'clk'
Slack : -0.538
TNS   : -22.971

Type  : Fast 1100mV 85C Model Setup 'clk'
Slack : 0.360
TNS   : 0.000

Type  : Fast 1100mV 85C Model Hold 'clk'
Slack : 0.130
TNS   : 0.000

Type  : Fast 1100mV 85C Model Minimum Pulse Width 'clk'
Slack : -0.268
TNS   : -7.745

Type  : Fast 1100mV 0C Model Setup 'clk'
Slack : 0.409
TNS   : 0.000

Type  : Fast 1100mV 0C Model Hold 'clk'
Slack : 0.119
TNS   : 0.000

Type  : Fast 1100mV 0C Model Minimum Pulse Width 'clk'
Slack : -0.271
TNS   : -7.859

------------------------------------------------------------
